Collecting paddlepaddle==2.6.2
  Downloading paddlepaddle-2.6.2-cp310-cp310-win_amd64.whl (81.1 MB)
     ---------------------------------------- 81.1/81.1 MB 1.0 MB/s eta 0:00:00
Collecting astor
  Downloading astor-0.8.1-py2.py3-none-any.whl (27 kB)
Collecting decorator
  Downloading decorator-5.3.1-py3-none-any.whl (10 kB)
Requirement already satisfied: numpy>=1.13 in d:\vandebharat\orchestrator\venv\lib\site-packages (from paddlepaddle==2.6.2) (1.26.4)
Requirement already satisfied: opt-einsum==3.3.0 in d:\vandebharat\orchestrator\venv\lib\site-packages (from paddlepaddle==2.6.2) (3.3.0)
Requirement already satisfied: Pillow in d:\vandebharat\orchestrator\venv\lib\site-packages (from paddlepaddle==2.6.2) (12.3.0)
Collecting protobuf<=3.20.2,>=3.1.0
  Downloading protobuf-3.20.2-cp310-cp310-win_amd64.whl (904 kB)
     ------------------------------------ 904.0/904.0 kB 762.6 kB/s eta 0:00:00
Requirement already satisfied: httpx in d:\vandebharat\orchestrator\venv\lib\site-packages (from paddlepaddle==2.6.2) (0.28.1)
Requirement already satisfied: idna in d:\vandebharat\orchestrator\venv\lib\site-packages (from httpx->paddlepaddle==2.6.2) (3.18)
Requirement already satisfied: anyio in d:\vandebharat\orchestrator\venv\lib\site-packages (from httpx->paddlepaddle==2.6.2) (4.14.2)
Requirement already satisfied: certifi in d:\vandebharat\orchestrator\venv\lib\site-packages (from httpx->paddlepaddle==2.6.2) (2026.6.17)
Requirement already satisfied: httpcore==1.* in d:\vandebharat\orchestrator\venv\lib\site-packages (from httpx->paddlepaddle==2.6.2) (1.0.9)
Requirement already satisfied: h11>=0.16 in d:\vandebharat\orchestrator\venv\lib\site-packages (from httpcore==1.*->httpx->paddlepaddle==2.6.2) (0.16.0)
Requirement already satisfied: exceptiongroup>=1.0.2 in d:\vandebharat\orchestrator\venv\lib\site-packages (from anyio->httpx->paddlepaddle==2.6.2) (1.3.1)
Requirement already satisfied: typing_extensions>=4.5 in d:\vandebharat\orchestrator\venv\lib\site-packages (from anyio->httpx->paddlepaddle==2.6.2) (4.16.0)
Installing collected packages: protobuf, decorator, astor, paddlepaddle
  Attempting uninstall: protobuf
    Found existing installation: protobuf 7.35.1
    Uninstalling protobuf-7.35.1:
      Successfully uninstalled protobuf-7.35.1
  Attempting uninstall: paddlepaddle
    Found existing installation: paddlepaddle 3.3.1
    Uninstalling paddlepaddle-3.3.1:
      Successfully uninstalled paddlepaddle-3.3.1
Successfully installed astor-0.8.1 decorator-5.3.1 paddlepaddle-2.6.2 protobuf-3.20.2
WARNING: There was an error checking the latest version of pip.
